// Jest Snapshot v1, https://goo.gl/fbAQLP

exports[`UserForm should render correctly 1`] = `
<form>
  <label
    for="email"
  >
    Email
  </label>
  <input
    id="email"
    name="email"
    type="text"
    value=""
  />
  <label
    for="password"
  >
    Password
  </label>
  <input
    id="password"
    name="password"
    type="password"
    value=""
  />
  <button>
    Submit
  </button>
</form>
`;
