// Jest Snapshot v1, https://goo.gl/fbAQLP

exports[`Home should render correctly 1`] = `
<div
  class="tasks"
>
  <p>
    No tasks created yet. Create one 
    <a
      href="/create"
    >
      here
    </a>
  </p>
</div>
`;
